/home/itmuser/Documents/workspace-sts-3.7.3.RELEASE/AccentureOnlineTest/src/main/java/online/test/CsrfHeaderFilter.java
/home/itmuser/Documents/workspace-sts-3.7.3.RELEASE/AccentureOnlineTest/src/main/java/online/test/models/Tests.java
/home/itmuser/Documents/workspace-sts-3.7.3.RELEASE/AccentureOnlineTest/src/main/java/online/test/Functions.java
/home/itmuser/Documents/workspace-sts-3.7.3.RELEASE/AccentureOnlineTest/src/main/java/online/test/controllers/MainController.java
/home/itmuser/Documents/workspace-sts-3.7.3.RELEASE/AccentureOnlineTest/src/main/java/online/test/models/TestAnswerType.java
/home/itmuser/Documents/workspace-sts-3.7.3.RELEASE/AccentureOnlineTest/src/main/java/online/test/models/dao/UserDao.java
/home/itmuser/Documents/workspace-sts-3.7.3.RELEASE/AccentureOnlineTest/src/main/java/online/test/models/User.java
/home/itmuser/Documents/workspace-sts-3.7.3.RELEASE/AccentureOnlineTest/src/main/java/online/test/controllers/UserController.java
/home/itmuser/Documents/workspace-sts-3.7.3.RELEASE/AccentureOnlineTest/src/main/java/online/test/Application.java
/home/itmuser/Documents/workspace-sts-3.7.3.RELEASE/AccentureOnlineTest/src/main/java/online/test/models/TestOuestions.java
/home/itmuser/Documents/workspace-sts-3.7.3.RELEASE/AccentureOnlineTest/src/main/java/online/test/models/UserAnswers.java
